=========================================================
                        DELETE
=========================================================

Enter Transaction ID to refund: ABC123

Are you sure you want to refund this
transaction? (Yes/No): KAI

---------------------------------------------------------
                    Invalid Confirmation.
=========================================================






