
==========================================
      SQA Baller Squad Auction House
==========================================

Please Type login, create or exit!
Enter Command: 
Username: 
Password: 
Welcome MR.RUNESCAPEMAN! Glad to see you are back :)
FS Enter Command: 
How much Credit do you want to add to your account: 
---------------------------------------------------------
Error! Must only contain numeric values
=========================================================

FS Enter Command: 
==========================================
      SQA Baller Squad Auction House
==========================================

Please Type login, create or exit!
Enter Command: 

