=========================================================
                        DELETE
=========================================================

Enter username: ADMIN BOY

Are you sure you want to delete user ADMIN BOY? 
(Yes/No): Yes

---------------------------------------------------------
          ADMIN BOY has been successfully deleted!
=========================================================