
==========================================
      SQA Baller Squad Auction House
==========================================

Please Type login, create or exit!
Enter Command: 
Username: 
Password: 
Welcome MR.RUNESCAPEMAN! Glad to see you are back :)
FS Enter Command: 
=========================================================
                        ADVERTISE
=========================================================

Item name: 
Minimum bid: $
Number of days to auction: 
---------------------------------------------------------
           There must be a minimum of 1 day 
                 to auction the item.
=========================================================

FS Enter Command: 
==========================================
      SQA Baller Squad Auction House
==========================================

Please Type login, create or exit!
Enter Command: 

