=========================================================
             BALLER SQUAD'S AUCTION EMPORIUM!
=========================================================

                What would you like to do?

        Bid              Auction            Refund

        Update           Delete             Logout               


                         DELETE

---------------------------------------------------------
      You must be an admin to access this transaction.
=========================================================