=========================================================
                           DELETE
=========================================================

Enter username: Test123

Are you sure you want to delete user Test123? 
(Yes/No): KAI

---------------------------------------------------------
                Invalid Confirmation.
=========================================================