=========================================================
                        LOGIN
=========================================================
Enter your username: MR.RUNESCAPEMAN

Enter your password: guyinggf20k
---------------------------------------------------------
                Welcome, MR.RUNESCAPEMAN!
=========================================================