Input credit amount: 0.00
--------------------------------------------
You must enter a minimum of $0.01 credits.
============================================