
==========================================
      SQA Baller Squad Auction House
==========================================

Please Type login, create or exit!
Enter Command: 
Enter Username: 
Enter Password: 
Please type the user type you want: BS - Buy Standard, SS - Sell Standard, FS - Full Standard: 
Your password cannot have spaces
==========================================
      SQA Baller Squad Auction House
==========================================

Please Type login, create or exit!
Enter Command: 

