=========================================================
                        ADVERTISE
=========================================================

          Your account is a Buy Standard account.  
          You are notpermitted to auction items.

---------------------------------------------------------
=========================================================