
==========================================
      SQA Baller Squad Auction House
==========================================

Please Type login, create or exit!
Enter Command: 
Username: 
Password: 
Welcome BUYINGMAN! Glad to see you are back :)
BS Enter Command: 
=========================================================
Access Denied: You are a Buy-Standard user
=========================================================

BS Enter Command: 
==========================================
      SQA Baller Squad Auction House
==========================================

Please Type login, create or exit!
Enter Command: 

