=========================================================
                    UPDATE PASSWORD
=========================================================
Enter your new password: chimmychonga
Confirm password: chimmychonga
---------------------------------------------------------
Your password has been updated!
=========================================================