=========================================================
                    UPDATE PASSWORD
=========================================================
Enter your new password: 
---------------------------------------------------------
You must enter a password.
=========================================================