=========================================================
                        LOGIN
=========================================================
Enter your username: ADMIN BOY

Enter your password: AdPass123
---------------------------------------------------------
                Welcome admin, ADMIN BOY!
=========================================================