=========================================================
                        UPDATE
=========================================================
Would you like to enable or disable a user?: DISABLE

Which user would you like to enable?: HECKING COOLMAN
---------------------------------------------------------
HECKING COOLMAN's account is already enabled.
=========================================================