
==========================================
      SQA Baller Squad Auction House
==========================================

Please Type login, create or exit!
Enter Command: 
Username: 
Password: 
Welcome ADMINBOY! Glad to see you are back :)
AA Enter Command: Would you like to enable or disable a user?: 
Which user would you like to enable?: 
---------------------------------------------------------

HECKINGCOOLMAN's account is already enabled.
=========================================================

AA Enter Command: 
==========================================
      SQA Baller Squad Auction House
==========================================

Please Type login, create or exit!
Enter Command: 

