
==========================================
      SQA Baller Squad Auction House
==========================================

Please Type login, create or exit!
Enter Command: 
Username: 
Password: 
Welcome MR.RUNESCAPEMAN! Glad to see you are back :)
FS Enter Command: 
=========================================================
                        ADVERTISE
=========================================================

Item name: 
Minimum bid: $
Number of days to auction: 
---------------------------------------------------------
            You have put up DRAGON SCIMITAR.
        This item will be auctioned for 7 days
            with a minimum bid of $15.99!
=========================================================

FS Enter Command: 
==========================================
      SQA Baller Squad Auction House
==========================================

Please Type login, create or exit!
Enter Command: 

