=========================================================
                        UPDATE
=========================================================
Would you like to enable or disable a user?: ENABLE

Which user would you like to enable?: DO NOT HURT ME

Do you want to enable this user? (Yes/No): Y
---------------------------------------------------------
DO NOT HURT ME's account has been enabled!
=========================================================