=========================================================
                        ADVERTISE
=========================================================

Item name: DRAGON SCIMITAR

Minimum bid: AB.99

---------------------------------------------------------
            A bid must be numeric and can only
         be between $0.01 and $999.99 inclusively.
=========================================================