=========================================================
                        LOGIN
=========================================================
Enter your username: DO NOT HURT ME

Enter your password: nomore
---------------------------------------------------------
    Your account has been disabled.  You cannot login.
=========================================================