
==========================================
      SQA Baller Squad Auction House
==========================================

Please Type login, create or exit!
Enter Command: 
Enter Username: 
Username already exists
==========================================
      SQA Baller Squad Auction House
==========================================

Please Type login, create or exit!
Enter Command: 

