=========================================================
                        CREATE
=========================================================

Enter a username: BIGBOIDADDYDUDE

Enter a password: HeDoBeVibingForRealTho

---------------------------------------------------------
        Password must be less than 12 characters.
=========================================================






