
==========================================
      SQA Baller Squad Auction House
==========================================

Please Type login, create or exit!
Enter Command: 
Enter Username: 
Enter Password: 
Please type the user type you want: BS - Buy Standard, SS - Sell Standard, FS - Full Standard: 
Password is too long and must be 12 characters or fewer
==========================================
      SQA Baller Squad Auction House
==========================================

Please Type login, create or exit!
Enter Command: 

