=========================================================
                        BID
=========================================================

Item name: DRAGON SCIMITAR

Seller's name: SELLING BOYERINO MAN GUY DUDE

---------------------------------------------------------
          Cannot find a seller with that name.
=========================================================