
==========================================
      SQA Baller Squad Auction House
==========================================

Please Type login, create or exit!
Enter Command: 
Username: 
Password: 
Welcome ADMINBOY! Glad to see you are back :)
AA Enter Command: 
Enter username: 
---------------------------------------------------------
            User Chicken does not exist.
=========================================================

AA Enter Command: 
==========================================
      SQA Baller Squad Auction House
==========================================

Please Type login, create or exit!
Enter Command: 

