=========================================================
                  ADD CREDITS
=========================================================

Input user to add credit to: MR.RUNESCAPEMAN

Input credit amount: 300.00

---------------------------------------------------------
            User has already received $800.00.
        The maximum amount a user can receive 
                per session is $1000.00.
=========================================================