
==========================================
      SQA Baller Squad Auction House
==========================================

Please Type login, create or exit!
Enter Command: 
Username: 
Password: 
Welcome HECKINGCOOLMAN! Glad to see you are back :)
BS Enter Command: 
Enter new password: 
Confirm password: 
Your password cannot contain spaces
BS Enter Command: 
==========================================
      SQA Baller Squad Auction House
==========================================

Please Type login, create or exit!
Enter Command: 

