
==========================================
      SQA Baller Squad Auction House
==========================================

Please Type login, create or exit!
Enter Command: 
Username: 
Password: 
Welcome MR.RUNESCAPEMAN! Glad to see you are back :)
FS Enter Command: 
=========================================================
                        ADVERTISE
=========================================================

Item name: 
Minimum bid: $
---------------------------------------------------------
           Minimum bid must be at least $0.01.
=========================================================

FS Enter Command: 
==========================================
      SQA Baller Squad Auction House
==========================================

Please Type login, create or exit!
Enter Command: 

