=========================================================
                        LOGIN
=========================================================
Enter your username: CHICKENNUGGIES

Enter your password: sweetnsour
---------------------------------------------------------
         Your account is still awaiting approval.
                 Please try again later.
=========================================================