
==========================================
      SQA Baller Squad Auction House
==========================================

Please Type login, create or exit!
Enter Command: 
Username: 
Password: 
Welcome ADMINBOY! Glad to see you are back :)
AA Enter Command: 
Enter username: 
Are you sure you want to delete user test123?
(Yes/No): 
---------------------------------------------------------
                Delete process aborted.
            test123 was not deleted.
=========================================================

AA Enter Command: 
==========================================
      SQA Baller Squad Auction House
==========================================

Please Type login, create or exit!
Enter Command: 

