=========================================================
                    UPDATE PASSWORD
=========================================================
Enter your new password: chimmychongaerinobaby
---------------------------------------------------------
Your password cannot contain more than 12 characters.
=========================================================