=========================================================
                  ADD CREDITS
=========================================================

Input user to add credit to: DR. YEET

---------------------------------------------------------
                  User does not exist
=========================================================