=========================================================
                        BID
=========================================================

Item name: DRAGON SCIMITAR

Seller's name: SELLING BOY

Current bid is $15.39.  
Would you like to bid? (Yes/No): Yes

How much would you like to bid? (Min $16.16): $-0.01

---------------------------------------------------------
      New bid is less than the previous highest bid.
=========================================================