=========================================================
                        CREATE
=========================================================

Enter a username: COW BOYS ON THEY HORSES

---------------------------------------------------------
          Username must be 15 characters or less.
=========================================================






