=========================================================
        WELCOME TO BALLER SQUAD'S AUCTION HOUSE!
=========================================================
        
       If you have an account, type "login" to login!

      Don't have an account? Type "create" to make one!

                        logout
---------------------------------------------------------
             You must enter 'login' or 'create'
=========================================================